I'm sorry, but errors were detected in your script. Please correct the
errors listed below, and try again.


File "game/script.rpy", line 20: end of line expected.
    show sad.png
            ^

Ren'Py Version: Ren'Py 8.2.1.24030407
Thu May 16 15:16:28 2024
